// Jest Snapshot v1, https://goo.gl/fbAQLP

exports[`EventSelectionForm Should match snapshot 1`] = `
<form
  class="form"
  data-testid="event-selection-form"
>
  <div
    class="MuiFormControl-root MuiFormControl-fullWidth css-q8hpuo-MuiFormControl-root"
  >
    <label
      class="MuiFormLabel-root MuiInputLabel-root MuiInputLabel-formControl MuiInputLabel-animated MuiInputLabel-shrink MuiInputLabel-outlined MuiFormLabel-colorPrimary MuiFormLabel-filled MuiInputLabel-root MuiInputLabel-formControl MuiInputLabel-animated MuiInputLabel-shrink MuiInputLabel-outlined css-1jy569b-MuiFormLabel-root-MuiInputLabel-root"
      data-shrink="true"
      id="demo-simple-select-label"
    >
      app_event_active
    </label>
    <div
      class="MuiInputBase-root MuiOutlinedInput-root MuiInputBase-colorPrimary MuiInputBase-formControl  css-1yk1gt9-MuiInputBase-root-MuiOutlinedInput-root-MuiSelect-root"
      data-testid="event-select"
    >
      <div
        aria-expanded="false"
        aria-haspopup="listbox"
        aria-labelledby="demo-simple-select-label demo-simple-select"
        class="MuiSelect-select MuiSelect-outlined MuiInputBase-input MuiOutlinedInput-input css-11u53oe-MuiSelect-select-MuiInputBase-input-MuiOutlinedInput-input"
        id="demo-simple-select"
        role="button"
        tabindex="0"
      >
        Event 1
      </div>
      <input
        aria-hidden="true"
        aria-invalid="false"
        class="MuiSelect-nativeInput css-yf8vq0-MuiSelect-nativeInput"
        tabindex="-1"
        value="1"
      />
      <svg
        aria-hidden="true"
        class="MuiSvgIcon-root MuiSvgIcon-fontSizeMedium MuiSelect-icon MuiSelect-iconOutlined css-hfutr2-MuiSvgIcon-root-MuiSelect-icon"
        data-testid="ArrowDropDownIcon"
        focusable="false"
        viewBox="0 0 24 24"
      >
        <path
          d="M7 10l5 5 5-5z"
        />
      </svg>
      <fieldset
        aria-hidden="true"
        class="MuiOutlinedInput-notchedOutline css-1d3z3hw-MuiOutlinedInput-notchedOutline"
      >
        <legend
          class="css-14lo706"
        >
          <span>
            Your Active Event
          </span>
        </legend>
      </fieldset>
    </div>
  </div>
  <input
    class="inputMeetingId"
    data-testid="meeting-id-input"
    placeholder="Enter Meeting ID"
    value=""
  />
  <button
    class="btnSendToUser"
    data-testid="submit-button"
    type="submit"
  >
    Send to Customer
  </button>
</form>
`;
